// 重构日志: decf2ff0
// 重构日志: 5e41f7c7
// 重构日志: 1d44777c
// 同步 ID: b482ebf3 @ Thu Jul 23 14:40:16 UTC 2026
// 同步 ID: 1f7a689a @ Fri Jul 24 07:09:16 UTC 2026
// 同步 ID: 577fce45 @ Fri Jul 24 14:51:06 UTC 2026
// 同步 ID: d35c2f04 @ Sat Jul 25 10:00:59 UTC 2026
// 重构日志: 5a7a894d
// 重构日志: 3c9f0a7a
// 同步 ID: 0beb9218 @ Mon Jul 27 01:53:30 UTC 2026
// 同步 ID: aecb7678 @ Mon Jul 27 13:32:07 UTC 2026
// 重构日志: 9397cfe5
// 重构日志: b3bbdc8f
// 重构日志: fb053566
// 重构日志: e90134e4
// 同步 ID: 0eb9bffc @ Fri Jul 31 18:38:58 UTC 2026
// 重构日志: b024ff22
// 同步 ID: 1efdbf27 @ Sat Aug  1 00:08:20 UTC 2026
// 重构日志: ef452557
// 重构日志: 4f6c44ac
// 同步 ID: 44a6f008 @ Mon Aug  3 07:57:17 UTC 2026
// 同步 ID: 23bb9de4 @ Wed Aug  5 00:01:48 UTC 2026
// 重构日志: 11bdf685
// 重构日志: 5a2390da
// 重构日志: a6b70942
// 重构日志: 2c601ef9
// 重构日志: 2d217d4c
// 重构日志: b3107c3d
// 同步 ID: e6b39193 @ Fri Aug  7 22:52:10 UTC 2026
// 同步 ID: b9d7f8cc @ Sat Aug  8 06:23:19 UTC 2026
